int a(int);
int main(->int)(){
    int n(int);
    n(int) = 5;
    a(int) = n(int);
    return a(int);
}