int main(->int)(){
    int b(int);
    b(int) = true;
    return b(int);
}