void main(->void)(){
    int a(int);
    a(int) = 15;
    return a(int);
}