FATAL [7,9]-[7,10]: Arithmetic operator applied to invalid operand
Type Analysis Failed
