FATAL [4,8]-[4,9]: Bad return value
Type Analysis Failed
