int exp(){
    int a;
    int b;
    int c;
    int d;
    a = 4;
    b = 5;
    c = 5;
    d = 5;
    a = (b + c);
    b = (a / d);
    c = (d * b);
    d = (a - a);
    return a;
}